// Jest Snapshot v1, https://goo.gl/fbAQLP

exports[`Connect with empty streams should return empty stream list 1`] = `
<ContextConsumer>
  <Component />
</ContextConsumer>
`;
